  Determining projects to restore...
  Restored C:\Users\Ahmed.Ramadan\source\repos\Construction\src\ConstructionManagement.Domain\ConstructionManagement.Domain.csproj (in 879 ms).
C:\Users\Ahmed.Ramadan\source\repos\Construction\tests\ConstructionManagement.Tests\ConstructionManagement.Tests.csproj : warning NU1603: ConstructionManagement.Tests depends on Microsoft.AspNetCore.Http.Extensions (>= 2.2.29) but Microsoft.AspNetCore.Http.Extensions 2.2.29 was not found. Microsoft.AspNetCore.Http.Extensions 2.3.0 was resolved instead.
  Restored C:\Users\Ahmed.Ramadan\source\repos\Construction\src\ConstructionManagement.Application\ConstructionManagement.Application.csproj (in 879 ms).
  Restored C:\Users\Ahmed.Ramadan\source\repos\Construction\src\ConstructionManagement.WebApi\ConstructionManagement.WebApi.csproj (in 1.13 sec).
  Restored C:\Users\Ahmed.Ramadan\source\repos\Construction\src\ConstructionManagement.Infrastructure\ConstructionManagement.Infrastructure.csproj (in 1.12 sec).
  Restored C:\Users\Ahmed.Ramadan\source\repos\Construction\tests\ConstructionManagement.Tests\ConstructionManagement.Tests.csproj (in 1.45 sec).
C:\Users\Ahmed.Ramadan\source\repos\Construction\tests\ConstructionManagement.Tests\ConstructionManagement.Tests.csproj : warning NU1603: ConstructionManagement.Tests depends on Microsoft.AspNetCore.Http.Extensions (>= 2.2.29) but Microsoft.AspNetCore.Http.Extensions 2.2.29 was not found. Microsoft.AspNetCore.Http.Extensions 2.3.0 was resolved instead.
  ConstructionManagement.Domain -> C:\Users\Ahmed.Ramadan\source\repos\Construction\src\ConstructionManagement.Domain\bin\Debug\net9.0\ConstructionManagement.Domain.dll
  ConstructionManagement.Application -> C:\Users\Ahmed.Ramadan\source\repos\Construction\src\ConstructionManagement.Application\bin\Debug\net9.0\ConstructionManagement.Application.dll
C:\Program Files\dotnet\sdk\9.0.305\Microsoft.Common.CurrentVersion.targets(2433,5): error MSB3248: Parameter "AssemblyFiles" has invalid value "C:\Users\Ahmed.Ramadan\source\repos\Construction\src\ConstructionManagement.Application\bin\Debug\net9.0\ConstructionManagement.Application.dll". The process cannot access the file 'C:\Users\Ahmed.Ramadan\source\repos\Construction\src\ConstructionManagement.Application\bin\Debug\net9.0\ConstructionManagement.Application.dll' because it is being used by another process. [C:\Users\Ahmed.Ramadan\source\repos\Construction\src\ConstructionManagement.Infrastructure\ConstructionManagement.Infrastructure.csproj]
